// 同步 ID: bc93f4c3 @ Sat Jul 18 21:49:20 UTC 2026
// 重构日志: 104b9bc4
// 重构日志: 840a39f6
// 同步 ID: bfad6d8b @ Thu Jul 23 10:02:36 UTC 2026
// 同步 ID: bcc13efd @ Thu Jul 23 16:31:51 UTC 2026
// 同步 ID: 56d8f73a @ Fri Jul 24 00:43:43 UTC 2026
// 重构日志: fce52c12
// 重构日志: 60088849
// 重构日志: 0b13b0ee
// 同步 ID: 5eb67701 @ Tue Jul 28 17:20:55 UTC 2026
// 同步 ID: afdbdc54 @ Tue Jul 28 23:12:54 UTC 2026
// 同步 ID: f7926d1f @ Wed Jul 29 08:26:18 UTC 2026
// 重构日志: ba5fdaa3
// 重构日志: 08c247bf
// 重构日志: 5d65e81a
// 重构日志: 79dfe9ed
// 同步 ID: 1753e964 @ Thu Jul 30 15:36:56 UTC 2026
// 重构日志: 0a4fb65c
// 重构日志: 128b2020
// 重构日志: 48e73a39
// 重构日志: 05fa94c2
// 重构日志: be2ea2bd
// 同步 ID: 9361e223 @ Sat Aug  1 14:52:53 UTC 2026
// 重构日志: e9a55e39
// 重构日志: 2cd9203e
// 重构日志: 1770642a
// 重构日志: 3a37ec90
// 重构日志: 7d6deaa3
// 重构日志: fed5f802
// 同步 ID: 402388b5 @ Tue Aug  4 13:01:40 UTC 2026
// 重构日志: 6d39fa2e
// 重构日志: b909c847
// 重构日志: a94eea69
// 重构日志: 2f21188b
